main.c:590:6:SystemClock_Config	72	static,ignoring_inline_asm
main.c:713:9:NMEA_Comma_Pos	8	static
main.c:727:10:NMEA_Pow	0	static
main.c:738:5:NMEA_Str2num	24	static
main.c:779:6:NMEA_GNGSV_Analysis	56	static
main.c:815:6:NMEA_GNGGA_Analysis	24	static
main.c:831:6:NMEA_GNGSA_Analysis	32	static
main.c:856:6:NMEA_GNRMC_Analysis	32	static
main.c:904:6:NMEA_GNVTG_Analysis	24	static
main.c:920:6:GNSS_Analysis	16	static
main.c:933:6:Ublox_CheckSum	12	static
main.c:944:5:outOfChina	24	static
main.c:953:8:transformLat	56	static
main.c:963:8:transformLon	48	static
main.c:972:5:wgs2gcj	96	static
main.c:994:5:n58_normal_check	24	static
main.c:1007:5:n58_check_sim_card	16	static
main.c:1020:5:n58_check_cgatt	16	static
main.c:1033:5:n58_check_creg	16	static
main.c:1047:5:n58_check_xiic	16	static
main.c:163:5:main	80	static,ignoring_inline_asm
main.c:1077:6:Error_Handler	0	static,ignoring_inline_asm
