main.c:163:5:main	40	static
main.c:590:6:SystemClock_Config	72	static
main.c:626:13:MX_USART1_UART_Init	8	static
main.c:657:13:MX_DMA_Init	16	static
main.c:678:13:MX_GPIO_Init	40	static
main.c:713:9:NMEA_Comma_Pos	24	static
main.c:727:10:NMEA_Pow	24	static
main.c:738:5:NMEA_Str2num	40	static
main.c:779:6:NMEA_GNGSV_Analysis	32	static
main.c:815:6:NMEA_GNGGA_Analysis	24	static
main.c:831:6:NMEA_GNGSA_Analysis	32	static
main.c:856:6:NMEA_GNRMC_Analysis	48	static
main.c:904:6:NMEA_GNVTG_Analysis	24	static
main.c:920:6:GNSS_Analysis	16	static
main.c:933:6:Ublox_CheckSum	32	static
main.c:944:5:outOfChina	24	static
main.c:953:8:transformLat	48	static
main.c:963:8:transformLon	48	static
main.c:972:5:wgs2gcj	80	static
main.c:994:5:n58_normal_check	16	static
main.c:1007:5:n58_check_sim_card	8	static
main.c:1020:5:n58_check_cgatt	8	static
main.c:1033:5:n58_check_creg	8	static
main.c:1047:5:n58_check_xiic	8	static
main.c:1077:6:Error_Handler	4	static,ignoring_inline_asm
